C51 COMPILER V9.60.0.0   SMALL_RTOS_TIMER                                                  05/07/2021 15:46:44 PAGE 1   


C51 COMPILER V9.60.0.0, COMPILATION OF MODULE SMALL_RTOS_TIMER
OBJECT MODULE PLACED IN .\Objects\small_rtos_timer.obj
COMPILER INVOKED BY: D:\keil\C51\BIN\C51.EXE small_rtos_timer.c LARGE OPTIMIZE(8,SPEED) BROWSE DEBUG OBJECTEXTEND PRINT(
                    -.\Listings\small_rtos_timer.lst) TABS(2) OBJECT(.\Objects\small_rtos_timer.obj)

line level    source

   1          /*
   2           * @FileName: 文件名称
   3           * @Author: chen jixuan
   4           * @Date: 2021-04-29 20:18:42
   5           * @Version: 当前版本
   6           * @Description: 对该文件的描述
   7           */
   8          #include "small_rtos_timer.h"
   9          #include "./os/small_rtos_define.h"
  10          #include "./os/os_register.h"
  11          #include "stdio.h"
  12          #include "./os/os_rtos_malloc.h"
  13          #include "./os/small_rtos_list.h"


MODULE INFORMATION:   STATIC OVERLAYABLE
   CODE SIZE        =   ----    ----
   CONSTANT SIZE    =   ----    ----
   XDATA SIZE       =   ----    ----
   PDATA SIZE       =   ----    ----
   DATA SIZE        =   ----    ----
   IDATA SIZE       =   ----    ----
   BIT SIZE         =   ----    ----
END OF MODULE INFORMATION.


C51 COMPILATION COMPLETE.  0 WARNING(S),  0 ERROR(S)
